GAMS 33.2.0  r4f23b21 Released Dec  1, 2020 WEX-WEI x86 64bit/MS Windows - 04/05/21 15:57:50 Page 1
G e n e r a l   A l g e b r a i c   M o d e l i n g   S y s t e m
C o m p i l a t i o n


   1   
      Title Optimization model for Glen Canyon Dam releases to favor Bugs popula
      tion. (August 2018)
       
      ###################################
      Created By: Moazzam Ali Rind
      Email: moazzamalirind@gmail.com
       
      Created : 4/3/2021
       
      Description: This model is designed to validate the Weekend-Weekday model 
      at the 2 periods per day time scale. Since this a validation model, theref
      ore, the hydrograph is input to the model.
                   Which also means there is no release decision involved in thi
      s model. The aim of validation model is to simulate the observed hydrograp
      h and estimate the hydropower revenue from the model.
                   Here, hydrograph is defined by three release decisions (on- a
      nd off- peak periods during weekday and steady release on weekend) and num
      ber of steady release days. We have considered number of weekends equal to
       number of steady release days.
                   All the structural and operational constraints applied here a
      re uptodate.
      ######################################
  17   
  18  **** Validation Model code:
  19   
  20  Set
  21   
  22            d                             days in August
  23            p                             time period during a day /pLow "Lo
      w flow period",pHigh "High flow period"/
  24            modpar                        Saving model parameter for each of
       the scenario/ ModStat "Model Status", SolStat "Solve Status"/
  25  ;
  26   
  27   
  28  *======================================
  29  *Parameters
  30  *======================================
  31   
  32  PARAMETERS
  33   
  34  FStore                           Storing objective function values
  35   
  36  XStore_steady                    Store Energy Generated during steady flow
       days (MWH)
  37  XStore_unsteady                  Store Energy Generated during unsteady fl
      ow days(MWH)
  38   
  39  RStore_steady(p)                 Store Release values during steady flow d
      ays for each period (cfs)
  40  RStore_unsteady(p)               Store Release values during unsteady flow
       days for each period(cfs)
  41   
  42  Sstore                           Store Storage Values (ac-ft)
  43   
  44  ModelResults(modpar)             Store solution status of the scenarios i.
      e. whether the solution found is optimal or not?
  45  release(p)                       Average release observed during each peri
      od (p) over the month (cfs) /pLow 13137.8, pHigh 17211.28/
  46  * The pLow release value is the average of releases observed over the mont
      h during low periods. Whereas, the release value for pHigh is average of r
      eleases during the high periods over the month's time.
  47  Steady_Release                   Steady release value of the hydrograph (c
      fs) /11802.62/
  48  **Steady release is average of all the releases during weekends.
  49   
  50  initstorage                  Initial reservoir storage on 1st August 2018 
      (acre-ft)/12092993/
  51  maxstorage                   Reservoir capacity (acre-ft)/25000000/
  52  minstorage                   Minimum reservoir storage to maintain hydropo
      wer level(acre-ft) /8950000/
  53  Inflow(d)                    Inflow to reservoir (cfs)
  54  maxRel                       Maximum release in a day d at any timeperiod 
      p(cfs)/31500/
  55  minRel                       Minimum release in a day d at any timeperiod 
      p(cfs)/8000/
  56  evap(d)                      Evaporation (ac-ft per day).
  57  EnergyRate(p)                Energy prices on weekdays ($ per MWH) /pLow 4
      9.7, pHigh 79.0/
  58  weekendRate(p)               Energy prices on weekends ($ per MWH) /pLow 4
      9.7, pHigh 49.7/
  59  Duration(p)                  Duration of period (hours)
  60  Steady_Days                  The number of steady low flow days (weekend d
      uring August 2018)
  61  ;
  62   
  63   
  64   
  65  Duration("pLow")= 8;
  66  * low period weightage in a day(08 Hours or 8 by 24 i.e:0.33 of day)
  67   
  68  Duration("pHigh")= 16;
  69  *  High period weightage in a day( 16 Hours or 16 by 24 i.e:0.67 of day)
  70   
  71  *===================================================
  72  * Read data from Excel
  73  *===================================================
  75   
  76  *Write the input Data into a GDX file
GDXIN   E:\Class project\GCD_BugFlowExperiment\August 2018\Weekend-Weekday\Valid
        ation\Valid_August2018(2Periods).gdx
  78   
  79  * parameters and input data from the GDX file into the model
--- LOAD  d = 1:d
--- LOAD  Inflow = 2:Inflow
--- LOAD  evap = 3:evap
  83   
  84  *Close the GDX file
  86   
  87  Display d,inflow, evap, p, Duration;
  88  *===============================================
  89  SCALAR
  90  Convert                       conversion factor from cfs to ac-ft per hour
       (0.0014*60)/0.083/
  91  Totaldays                     Total number of days in the month/31/
  92  weekdays                      Number of Weekdays in month/23/
  93  weekends                      Number of weekend days in the month /8/
  94  Num_of_timesteps              Total Number of timesteps used /62/
  95  Daily_Ramprate                Allowable daily ramp rate (cfs)/8000/
  96   
  97   
  98  VARIABLES
  99   
 100  ObjectiveVal                   Objective function value
 101  storage                        Reservoir storage at the end of the month (
      acre-ft)
 102  Energy_Gen(p)                  Hydropower Generated within a period during
       unsteady flow day (MWH)
 103  SteadyEn_Gen(p)                Hydropower Generated within a period during
       steady flow days (MWH)
 104  Avail_Water                    Total Water available in the system during 
      the month (March 2018)
 105  steady_Outflow                 Volume of water released during steady low 
      flow days (acre-ft)
 106  unsteady_Outflow               Volume of water released during unsteay flo
      w days (acre-ft)
 107  TotMonth_volume                Total monthly volume released (acre-ft)
 108   
 109  ;
 110   
 111   
 112  EQUATIONS
 113  *AND CONSTRAINTS
 114   
 115  EQa_Inflow                   Total volume of Water available in the system
       during the month (acre-ft)
 116  EQb_SteadyOutflow            Volume of Water released during the steady da
      ys (acre-ft)
 117  EQc_UnSteadyOutflow          Volume of Water released during the unsteady 
      days (acre-ft)
 118   
 119  EQ1__ResMassBal              Reservoir mass balance (acre-ft)
 120  EQ2__reqpowerstorage         The minimum storage equivalent to reservoir l
      evel required for hydropower generation (acre-ft)
 121  EQ3__maxstor                 res storage max (acre-ft)
 122  EQ4__MaxR(p)                 Max Release (cfs)
 123  EQ5__MinR(p)                 Min Release  (cfs)
 124  EQ6_Rampup_rate(p)           Constraining the daily ramp up rate between t
      he timesteps within same day (cfs)
 125  EQ7__Monthtlyrel             Total monthly volume released (acre-ft)
 126  EQ8_SteadyEnergy(p)          Energy generated within each period during st
      eady flow day (MWH)
 127  EQ9_EnergyGen(p)             Energy generated within each period during un
      steady flow day (MWH)
 128  EQ10_EnergyGen_Max(p)        Maximum Energy Generation Limit of the Glen C
      aynon Dam(MW)
 129  EQ11_EnergyRevenue           Total monthly Hydropower Revenue generated wh
      en number of steady low flow day are greater than number of weekend days($
      )
 130  EQ12_Revenue                 Total monthly Hydropower Renvenue generated i
      f number of steady flow days are equal or less than weekend days ($)
 131  ;
 132   
 133  *-------------------------------------------------------------------------
      -----*
 134   
 135   
 136  EQa_Inflow..                 Avail_Water =e= initstorage + sum(d,inflow(d)
      *Convert*sum(p,Duration(p)));
 137  EQb_SteadyOutflow..          steady_Outflow =e= Steady_Release*sum(p,Durat
      ion(p))*Convert*Steady_Days;
 138  EQc_UnSteadyOutflow..        unsteady_Outflow =e= sum(p,release(p)*Convert
      *Duration(p))*(Totaldays-Steady_Days);
 139   
 140   
 141  EQ1__ResMassBal..           storage =e= Avail_Water-steady_Outflow-unstead
      y_Outflow- sum(d,evap(d));
 142  EQ2__reqpowerstorage..      storage =g= minstorage;
 143  EQ3__maxstor..              storage =l= maxstorage;
 144   
 145  EQ4__MaxR(p)..              release(p)=l= maxRel;
 146  EQ5__MinR(p)..              release(p)=g= minRel;
 147  EQ6_Rampup_rate(p)..         release("pHigh")-release("pLow")=l=Daily_Ramp
      rate;
 148   
 149  *EQ7_  constraining the overall monthly released volume..
 150  EQ7__Monthtlyrel..                         TotMonth_volume=e= steady_Outfl
      ow + unsteady_Outflow;
 151   
 152   
 153  EQ8_SteadyEnergy(p)..                      SteadyEn_Gen(p)=e= Steady_Relea
      se*Duration(p)*0.03715;
 154  * Energy generation formula used in wapa Execl model.
 155   
 156  EQ9_EnergyGen(p)..                         Energy_Gen(p)=e= release(p)*Dur
      ation(p)*0.03715;
 157  * Energy generation formula used in wapa Execl model..
 158   
 159  EQ10_EnergyGen_Max(p)..                    Energy_Gen(p)=l= 1320*Duration(
      p);
 160  *Maximum Energy Generation capacity of GCD (MWH).. Source https://www.usbr
      .gov/uc/rm/crsp/gc/
 161   
 162  **EQ12_HyrdroPower objective                                              
                                                           Energy generated from
       the period of low steady flow multiply by the energy rate and summed over
       the day (2 periods) in a day and multiply by the number of steady low flo
      w days.
 163  EQ11_EnergyRevenue..                         ObjectiveVal=e= sum(p,SteadyE
      n_Gen(p)*weekendRate(p))*weekends + sum(p,SteadyEn_Gen(p)*EnergyRate(p))*(
      Steady_Days-weekends)+ sum(p,Energy_Gen(p)*EnergyRate(p))*(Totaldays-Stead
      y_Days);
 164  * *This equation works for number of steady days greater than number of we
      ekend days.
 165   
 166  EQ12_Revenue..                             ObjectiveVal=e= sum(p,SteadyEn_
      Gen(p)*weekendRate(p))*(Steady_Days) + sum(p,Energy_Gen(p)*weekendRate(p))
      *(weekends - Steady_Days)+ sum(p,Energy_Gen(p)*EnergyRate(p))*(Totaldays-w
      eekends);
 167  *This equation works for number of steady days either equal or less than w
      eekend days.  This equation price all the weekend days by weekned rate irr
      espective of whether its steady or hydropeaking day.
 168   
 169  *-------------------------------------------------------------------------
      -----*
 170  ***************************************************
 171  ******Linear Model Defination
 172  ****************************************** ********
 173   
 174  *only for validation model
 175  Steady_Days = weekends;
 176   
 177  MODEL Model1 Find value of hydropower revenue using LP/EQa_Inflow,EQb_Stea
      dyOutflow,EQc_UnSteadyOutflow,EQ1__ResMassBal,EQ2__reqpowerstorage,EQ3__ma
      xstor,EQ4__MaxR,EQ5__MinR,EQ6_Rampup_rate,EQ7__Monthtlyrel,EQ8_SteadyEnerg
      y,EQ9_EnergyGen,EQ10_EnergyGen_Max,EQ11_EnergyRevenue/;
 178  *this Model will work under scenarios when number of steady low bug flow d
      ays are greater than number of weekned days.
 179   
 180  Model Model2 Find value of hydropower revenue using LP /EQa_Inflow,EQb_Ste
      adyOutflow,EQc_UnSteadyOutflow,EQ1__ResMassBal,EQ2__reqpowerstorage,EQ3__m
      axstor,EQ4__MaxR,EQ5__MinR,EQ6_Rampup_rate,EQ7__Monthtlyrel,EQ8_SteadyEner
      gy,EQ9_EnergyGen,EQ10_EnergyGen_Max,EQ12_Revenue/;
 181  *this Model will work under scenarios when number of steady low bug flow d
      ays are less than or equal to number of weekned days.
 182   
 183   
 184  *Defining which solver to use. One can change it to any solver having capa
      bility to solve linear problem
 185  option LP= BARON;
 186   
 187   
 188  * solve statement
 189  if  (Steady_Days > weekends,
 190       SOLVE Model1 USING LP maximize ObjectiveVal;
 191  else SOLVE Model2 USING LP maximize ObjectiveVal;
 192  );
 193   
 194   
 195  *Following lines of code are storing solution values for different paramet
      ers
 196  FStore= ObjectiveVal.L;
 197  XStore_steady= (Steady_Release*sum(p,Duration(p))*0.03715)*Steady_Days;
 198  XStore_unsteady= sum(p,release(p)*Duration(p)*0.03715)*(Totaldays-Steady_D
      ays);
 199  RStore_steady(p)= Steady_Release;
 200  RStore_unsteady(p)= release(p);
 201  Sstore=storage.L;
 202  ModelResults("SolStat")= Model2.solvestat;
 203  ModelResults("ModStat")= Model2.modelstat;
 204   
 205  DISPLAY FStore,XStore_steady,XStore_unsteady,RStore_steady,RStore_unsteady
      ,Sstore;
 206   
 207   
 208  *-------------------------------------------------------------------------
      -----*
 209  * Dump all input data and results to a GAMS gdx file
 210  Execute_Unload "Valid_August2018(2Periods).gdx";
 211  * Dump the gdx file to an Excel workbook
 212  Execute "gdx2xls Valid_August2018(2Periods).gdx"
 213   
GAMS 33.2.0  r4f23b21 Released Dec  1, 2020 WEX-WEI x86 64bit/MS Windows - 04/05/21 15:57:50 Page 2
G e n e r a l   A l g e b r a i c   M o d e l i n g   S y s t e m
Include File Summary


   SEQ   GLOBAL TYPE      PARENT   LOCAL  FILENAME

     1        1 INPUT          0       0  E:\Class project\GCD_BugFlowExperiment
                                          \August 2018\Weekend-Weekday\Validatio
                                          n\August2018_validation(2periods).gms
     2       74 CALL           1      74  GDXXRW.EXE input=Input_August2018.xlsx
                                          output=Valid_August2018(2Periods).gdx 
                                          set=d rng=day!A1 Rdim=1 par=Inflow rng
                                          =inflow!A1 Rdim=1  par=evap rng=Evapor
                                          ation!A1 Rdim=1
     3       77 GDXIN          1      77  E:\Class project\GCD_BugFlowExperiment
                                          \August 2018\Weekend-Weekday\Validatio
                                          n\Valid_August2018(2Periods).gdx


COMPILATION TIME     =        1.406 SECONDS      3 MB  33.2.0 r4f23b21 WEX-WEI
GAMS 33.2.0  r4f23b21 Released Dec  1, 2020 WEX-WEI x86 64bit/MS Windows - 04/05/21 15:57:50 Page 3
G e n e r a l   A l g e b r a i c   M o d e l i n g   S y s t e m
E x e c u t i o n


----     87 SET d  days in August

d1 ,    d2 ,    d3 ,    d4 ,    d5 ,    d6 ,    d7 ,    d8 ,    d9 ,    d10
d11,    d12,    d13,    d14,    d15,    d16,    d17,    d18,    d19,    d20
d21,    d22,    d23,    d24,    d25,    d26,    d27,    d28,    d29,    d30
d31


----     87 PARAMETER Inflow  Inflow to reservoir (cfs)

d1  3830.000,    d2  2818.000,    d3  3918.000,    d4  4446.000,    d5  2018.000
d6  6232.000,    d7  3466.000,    d8  3338.000,    d9  3391.000,    d10 4572.000
d11 1374.000,    d12 2797.000,    d13 1959.000,    d14 6463.000,    d15 3023.000
d16 2551.000,    d17 2535.000,    d18 5622.000,    d19 3503.000,    d20 2680.000
d21 6297.000,    d22 6402.000,    d23 5466.000,    d24 7411.000,    d25 2189.000
d26 2186.000,    d27 6602.000,    d28 5950.000,    d29 5347.000,    d30 4347.000
d31 8417.000


----     87 PARAMETER evap  Evaporation (ac-ft per day).

d1  1658.000,    d2  1655.000,    d3  1652.000,    d4  1650.000,    d5  1648.000
d6  1646.000,    d7  1643.000,    d8  1640.000,    d9  1637.000,    d10 1634.000
d11 1632.000,    d12 1630.000,    d13 1627.000,    d14 1625.000,    d15 1621.000
d16 1618.000,    d17 1615.000,    d18 1614.000,    d19 1612.000,    d20 1609.000
d21 1607.000,    d22 1605.000,    d23 1603.000,    d24 1601.000,    d25 1599.000
d26 1597.000,    d27 1595.000,    d28 1592.000,    d29 1590.000,    d30 1588.000
d31 1586.000


----     87 SET p  time period during a day

pLow ,    pHigh


----     87 PARAMETER Duration  Duration of period (hours)

pLow   8.000,    pHigh 16.000

GAMS 33.2.0  r4f23b21 Released Dec  1, 2020 WEX-WEI x86 64bit/MS Windows - 04/05/21 15:57:50 Page 4
G e n e r a l   A l g e b r a i c   M o d e l i n g   S y s t e m
Equation Listing    SOLVE Model2 Using LP From line 191


---- EQa_Inflow  =E=  Total volume of Water available in the system during the m
                      onth (acre-ft)

EQa_Inflow..  Avail_Water =E= 12354243.8 ; (LHS = 0, INFES = 12354243.8 ****)
     

---- EQb_SteadyOutflow  =E=  Volume of Water released during the steady days (ac
                             re-ft)

EQb_SteadyOutflow..  steady_Outflow =E= 188086.55232 ;
     
      (LHS = 0, INFES = 188086.55232 ****)
     

---- EQc_UnSteadyOutflow  =E=  Volume of Water released during the unsteady days
                               (acre-ft)

EQc_UnSteadyOutflow..  unsteady_Outflow =E= 726341.81792 ;
     
      (LHS = 0, INFES = 726341.81792 ****)
     

---- EQ1__ResMassBal  =E=  Reservoir mass balance (acre-ft)

EQ1__ResMassBal..  storage - Avail_Water + steady_Outflow + unsteady_Outflow
      =E= -50229 ; (LHS = 0, INFES = 50229 ****)
     

---- EQ2__reqpowerstorage  =G=  The minimum storage equivalent to reservoir leve
                                l required for hydropower generation (acre-ft)

EQ2__reqpowerstorage..  storage =G= 8950000 ; (LHS = 0, INFES = 8950000 ****)
     

---- EQ3__maxstor  =L=  res storage max (acre-ft)

EQ3__maxstor..  storage =L= 25000000 ; (LHS = 0)
     

---- EQ4__MaxR  =L=  Max Release (cfs)

                NONE


---- EQ5__MinR  =G=  Min Release  (cfs)

                NONE


---- EQ6_Rampup_rate  =L=  Constraining the daily ramp up rate between the times
                           teps within same day (cfs)

                NONE


---- EQ7__Monthtlyrel  =E=  Total monthly volume released (acre-ft)

EQ7__Monthtlyrel..  - steady_Outflow - unsteady_Outflow + TotMonth_volume =E= 0
      ; (LHS = 0)
     

---- EQ8_SteadyEnergy  =E=  Energy generated within each period during steady fl
                            ow day (MWH)

EQ8_SteadyEnergy(pLow)..  SteadyEn_Gen(pLow) =E= 3507.738664 ;
     
      (LHS = 0, INFES = 3507.738664 ****)
     
EQ8_SteadyEnergy(pHigh)..  SteadyEn_Gen(pHigh) =E= 7015.477328 ;
     
      (LHS = 0, INFES = 7015.477328 ****)
     

---- EQ9_EnergyGen  =E=  Energy generated within each period during unsteady flo
                         w day (MWH)

EQ9_EnergyGen(pLow)..  Energy_Gen(pLow) =E= 3904.55416 ;
     
      (LHS = 0, INFES = 3904.55416 ****)
     
EQ9_EnergyGen(pHigh)..  Energy_Gen(pHigh) =E= 10230.384832 ;
     
      (LHS = 0, INFES = 10230.384832 ****)
     

---- EQ10_EnergyGen_Max  =L=  Maximum Energy Generation Limit of the Glen Caynon
                              Dam(MW)

EQ10_EnergyGen_Max(pLow)..  Energy_Gen(pLow) =L= 10560 ; (LHS = 0)
     
EQ10_EnergyGen_Max(pHigh)..  Energy_Gen(pHigh) =L= 21120 ; (LHS = 0)
     

---- EQ12_Revenue  =E=  Total monthly Hydropower Renvenue generated if number of
                        steady flow days are equal or less than weekend days ($)

EQ12_Revenue..  ObjectiveVal - 1143.1*Energy_Gen(pLow) - 1817*Energy_Gen(pHigh)
     
      - 397.6*SteadyEn_Gen(pLow) - 397.6*SteadyEn_Gen(pHigh) =E= 0 ; (LHS = 0)
     
GAMS 33.2.0  r4f23b21 Released Dec  1, 2020 WEX-WEI x86 64bit/MS Windows - 04/05/21 15:57:50 Page 5
G e n e r a l   A l g e b r a i c   M o d e l i n g   S y s t e m
Column Listing      SOLVE Model2 Using LP From line 191


---- ObjectiveVal  Objective function value

ObjectiveVal
                (.LO, .L, .UP, .M = -INF, 0, +INF, 0)
        1       EQ12_Revenue


---- storage  Reservoir storage at the end of the month (acre-ft)

storage
                (.LO, .L, .UP, .M = -INF, 0, +INF, 0)
        1       EQ1__ResMassBal
        1       EQ2__reqpowerstorage
        1       EQ3__maxstor


---- Energy_Gen  Hydropower Generated within a period during unsteady flow day (
                 MWH)

Energy_Gen(pLow)
                (.LO, .L, .UP, .M = -INF, 0, +INF, 0)
        1       EQ9_EnergyGen(pLow)
        1       EQ10_EnergyGen_Max(pLow)
    -1143.1     EQ12_Revenue

Energy_Gen(pHigh)
                (.LO, .L, .UP, .M = -INF, 0, +INF, 0)
        1       EQ9_EnergyGen(pHigh)
        1       EQ10_EnergyGen_Max(pHigh)
    -1817       EQ12_Revenue


---- SteadyEn_Gen  Hydropower Generated within a period during steady flow days 
                   (MWH)

SteadyEn_Gen(pLow)
                (.LO, .L, .UP, .M = -INF, 0, +INF, 0)
        1       EQ8_SteadyEnergy(pLow)
     -397.6     EQ12_Revenue

SteadyEn_Gen(pHigh)
                (.LO, .L, .UP, .M = -INF, 0, +INF, 0)
        1       EQ8_SteadyEnergy(pHigh)
     -397.6     EQ12_Revenue


---- Avail_Water  Total Water available in the system during the month (March 20
                  18)

Avail_Water
                (.LO, .L, .UP, .M = -INF, 0, +INF, 0)
        1       EQa_Inflow
       -1       EQ1__ResMassBal


---- steady_Outflow  Volume of water released during steady low flow days (acre-
                     ft)

steady_Outflow
                (.LO, .L, .UP, .M = -INF, 0, +INF, 0)
        1       EQb_SteadyOutflow
        1       EQ1__ResMassBal
       -1       EQ7__Monthtlyrel


---- unsteady_Outflow  Volume of water released during unsteay flow days (acre-f
                       t)

unsteady_Outflow
                (.LO, .L, .UP, .M = -INF, 0, +INF, 0)
        1       EQc_UnSteadyOutflow
        1       EQ1__ResMassBal
       -1       EQ7__Monthtlyrel


---- TotMonth_volume  Total monthly volume released (acre-ft)

TotMonth_volume
                (.LO, .L, .UP, .M = -INF, 0, +INF, 0)
        1       EQ7__Monthtlyrel

GAMS 33.2.0  r4f23b21 Released Dec  1, 2020 WEX-WEI x86 64bit/MS Windows - 04/05/21 15:57:50 Page 6
G e n e r a l   A l g e b r a i c   M o d e l i n g   S y s t e m
Model Statistics    SOLVE Model2 Using LP From line 191


MODEL STATISTICS

BLOCKS OF EQUATIONS          14     SINGLE EQUATIONS           14
BLOCKS OF VARIABLES           8     SINGLE VARIABLES           10
NON ZERO ELEMENTS            23


GENERATION TIME      =        0.031 SECONDS      4 MB  33.2.0 r4f23b21 WEX-WEI
GAMS 33.2.0  r4f23b21 Released Dec  1, 2020 WEX-WEI x86 64bit/MS Windows - 04/05/21 15:57:50 Page 7
G e n e r a l   A l g e b r a i c   M o d e l i n g   S y s t e m
Solution Report     SOLVE Model2 Using LP From line 191


               S O L V E      S U M M A R Y

     MODEL   Model2              OBJECTIVE  ObjectiveVal
     TYPE    LP                  DIRECTION  MAXIMIZE
     SOLVER  BARON               FROM LINE  191

**** SOLVER STATUS     1 Normal Completion         
**** MODEL STATUS      1 Optimal                   
**** OBJECTIVE VALUE         27235935.7785

 RESOURCE USAGE, LIMIT          0.070 10000000000.000
 ITERATION COUNT, LIMIT         0    2147483647

GAMS/BARON       33.2.0 r4f23b21 Released Dec 01, 2020 WEI x86 64bit/MS Window

BARON is a product of The Optimization Firm, LLC. http://www.minlp.com/
Parts of the BARON software were created at the
University of Illinois at Urbana-Champaign.


===========================================================================
 BARON version 20.10.16. Built: WIN-64 Fri Oct 16 09:49:56 EDT 2020

 BARON is a product of The Optimization Firm.
 For information on BARON, see https://minlp.com/about-baron

 If you use this software, please cite publications from
 https://minlp.com/baron-publications, such as: 

 Khajavirad, A. and N. V. Sahinidis,
 A hybrid LP/NLP paradigm for global optimization relaxations,
 Mathematical Programming Computation, 10, 383-421, 2018.
===========================================================================
 This BARON run may utilize the following subsolver(s)
 For LP/MIP/QP: ILOG CPLEX                                      
 For NLP: MINOS, SNOPT, GAMS external NLP, IPOPT, FILTERSD, FILTERSQP

Solution      = 27235935.7784592  best solution found during preprocessing
Best possible = 27235935.7784592
Absolute gap  = 0  optca = 1E-9
Relative gap  = 0  optcr = 0.0001
  (Note that BARON uses a different formula to compute the relative gap as
   was used for the above reported value.)


                       LOWER     LEVEL     UPPER    MARGINAL

---- EQU EQa_Inflow 1.2354E+7 1.2354E+7 1.2354E+7      .         
---- EQU EQb_Stead~ 1.8809E+5 1.8809E+5 1.8809E+5      .         
---- EQU EQc_UnSte~ 7.2634E+5 7.2634E+5 7.2634E+5      .         
---- EQU EQ1__ResM~ -5.023E+4 -5.023E+4 -5.023E+4      .         
---- EQU EQ2__reqp~ 8.9500E+6 1.1390E+7     +INF       .         
---- EQU EQ3__maxs~     -INF  1.1390E+7 2.5000E+7      .         

  EQa_Inflow  Total volume of Water available in the system during the month (ac
              re-ft)
  EQb_SteadyOutflow  Volume of Water released during the steady days (acre-ft)
  EQc_UnSteadyOutflow  Volume of Water released during the unsteady days (acre-f
                       t)
  EQ1__ResMassBal  Reservoir mass balance (acre-ft)
  EQ2__reqpowerstorage  The minimum storage equivalent to reservoir level requir
                        ed for hydropower generation (acre-ft)
  EQ3__maxstor  res storage max (acre-ft)

---- EQU EQ4__MaxR  Max Release (cfs)

                NONE


---- EQU EQ5__MinR  Min Release  (cfs)

                NONE


---- EQU EQ6_Rampup_rate  Constraining the daily ramp up rate between the timest
                          eps within same day (cfs)

                NONE


                       LOWER     LEVEL     UPPER    MARGINAL

---- EQU EQ7__Mont~      .         .         .         .         

  EQ7__Monthtlyrel  Total monthly volume released (acre-ft)

---- EQU EQ8_SteadyEnergy  Energy generated within each period during steady flo
                           w day (MWH)

         LOWER     LEVEL     UPPER    MARGINAL

pLow   3507.739  3507.739  3507.739   397.600      
pHigh  7015.477  7015.477  7015.477   397.600      

---- EQU EQ9_EnergyGen  Energy generated within each period during unsteady flow
                        day (MWH)

         LOWER     LEVEL     UPPER    MARGINAL

pLow   3904.554  3904.554  3904.554  1143.100      
pHigh 10230.385 10230.385 10230.385  1817.000      

---- EQU EQ10_EnergyGen_Max  Maximum Energy Generation Limit of the Glen Caynon 
                             Dam(MW)

         LOWER     LEVEL     UPPER    MARGINAL

pLow      -INF   3904.554 10560.000      .         
pHigh     -INF  10230.385 21120.000      .         

                       LOWER     LEVEL     UPPER    MARGINAL

---- EQU EQ12_Reve~      .         .         .        1.000      

  EQ12_Revenue  Total monthly Hydropower Renvenue generated if number of steady 
                flow days are equal or less than weekend days ($)

                       LOWER     LEVEL     UPPER    MARGINAL

---- VAR Objective~     -INF  2.7236E+7     +INF       .         
---- VAR storage        -INF  1.1390E+7     +INF       .         

  ObjectiveVal  Objective function value
  storage  Reservoir storage at the end of the month (acre-ft)

---- VAR Energy_Gen  Hydropower Generated within a period during unsteady flow d
                     ay (MWH)

         LOWER     LEVEL     UPPER    MARGINAL

pLow      -INF   3904.554     +INF       .         
pHigh     -INF  10230.385     +INF       .         

---- VAR SteadyEn_Gen  Hydropower Generated within a period during steady flow d
                       ays (MWH)

         LOWER     LEVEL     UPPER    MARGINAL

pLow      -INF   3507.739     +INF       .         
pHigh     -INF   7015.477     +INF       .         

                       LOWER     LEVEL     UPPER    MARGINAL

---- VAR Avail_Wat~     -INF  1.2354E+7     +INF       .         
---- VAR steady_Ou~     -INF  1.8809E+5     +INF       .         
---- VAR unsteady_~     -INF  7.2634E+5     +INF       .         
---- VAR TotMonth_~     -INF  9.1443E+5     +INF       .         

  Avail_Water  Total Water available in the system during the month (March 2018)
  steady_Outflow  Volume of water released during steady low flow days (acre-ft)
  unsteady_Outflow  Volume of water released during unsteay flow days (acre-ft)
  TotMonth_volume  Total monthly volume released (acre-ft)


**** REPORT SUMMARY :        0     NONOPT
                             0 INFEASIBLE
                             0  UNBOUNDED
                             5  PROJECTED
GAMS 33.2.0  r4f23b21 Released Dec  1, 2020 WEX-WEI x86 64bit/MS Windows - 04/05/21 15:57:50 Page 8
G e n e r a l   A l g e b r a i c   M o d e l i n g   S y s t e m
E x e c u t i o n


----    205 PARAMETER FStore               =  2.723594E+7  Storing objective fun
                                                           ction values
            PARAMETER XStore_steady        =    84185.728  Store Energy Generate
                                                           d during steady flow 
                                                           days (MWH)
            PARAMETER XStore_unsteady      =   325103.597  Store Energy Generate
                                                           d during unsteady flo
                                                           w days(MWH)

----    205 PARAMETER RStore_steady  Store Release values during steady flow day
                                     s for each period (cfs)

pLow  11802.620,    pHigh 11802.620


----    205 PARAMETER RStore_unsteady  Store Release values during unsteady flow
                                       days for each period(cfs)

pLow  13137.800,    pHigh 17211.280


----    205 PARAMETER Sstore               =  1.138959E+7  Store Storage Values 
                                                           (ac-ft)


EXECUTION TIME       =        8.687 SECONDS      4 MB  33.2.0 r4f23b21 WEX-WEI


USER: Small MUD - 5 User License                     G200622/0001AP-GEN
      Utah State University, Utah Water Research Laboratory      DC7087
      License for teaching and research at degree granting institutions


**** FILE SUMMARY

Input      E:\Class project\GCD_BugFlowExperiment\August 2018\Weekend-Weekday\Va
           lidation\August2018_validation(2periods).gms
Output     E:\Class project\GCD_BugFlowExperiment\August 2018\Weekend-Weekday\Va
           lidation\August2018_validation(2periods).lst
